<html>
<body>
<pre>
<h1>µVision Build Log</h1>
<h2>Tool Versions:</h2>
IDE-Version: µVision V5.13.0.0
Copyright (C) 2014 ARM Ltd and ARM Germany GmbH. All rights reserved.
License Information: Dmitry Shvedov, NASA, LIC=EXJEV-P0EXE-0NHAM-XUTC1-CCLLR-C8JXV
 
Tool Versions:
Toolchain:       MDK-ARM Standard  Version: 5.13.0.0
Toolchain Path:  C:\Keil_v5\ARM\ARMCC\Bin
C Compiler:      Armcc.exe V5.05 update 1 (build 106)
Assembler:       Armasm.exe V5.05 update 1 (build 106)
Linker/Locator:  ArmLink.exe V5.05 update 1 (build 106)
Library Manager: ArmAr.exe V5.05 update 1 (build 106)
Hex Converter:   FromElf.exe V5.05 update 1 (build 106)
CPU DLL:         SARMCM3.DLL V5.13.0.0
Dialog DLL:      DCM.DLL V1.13.1.0
Target DLL:      Segger\JL2CM3.dll V2.99.11.0
Dialog DLL:      TCM.DLL V1.14.4.0
 
<h2>Project:</h2>
C:\Work\project_Micropanorama\Micropanorama\temp_Pj1\MDK-ARM\temp_Pj1.uvprojx
Project File Date:  03/23/2020

<h2>Output:</h2>
Build target 'temp_Pj1'
compiling main.c...
../Src/main.c(1171): warning:  #181-D: argument is incompatible with corresponding format string conversion
     sprintf (strng,"%u",z);
../Src/main.c(1173): warning:  #181-D: argument is incompatible with corresponding format string conversion
     sprintf (strng,"%u",a);
../Src/main.c(1180): warning:  #177-D: variable "k" was declared but never referenced
   uint16_t k;
../Src/main.c(1799): warning:  #1035-D: single-precision operand implicitly converted to double-precision
        adc_ch[ 0] = ((float)adcBuffer[ 0])*3.3/4096;
../Src/main.c(1800): warning:  #1035-D: single-precision operand implicitly converted to double-precision
        adc_ch[ 1] = ((float)adcBuffer[ 1])*3.3/4096;
../Src/main.c(1801): warning:  #1035-D: single-precision operand implicitly converted to double-precision
        adc_ch[ 2] = ((float)adcBuffer[ 2])*3.3/4096;//
../Src/main.c(1802): warning:  #1035-D: single-precision operand implicitly converted to double-precision
        adc_ch[ 3] = ((float)adcBuffer[ 3])*3.3/4096;
../Src/main.c(1803): warning:  #1035-D: single-precision operand implicitly converted to double-precision
        adc_ch[ 4] = ((float)adcBuffer[ 4])*3.3/4096;
../Src/main.c(1804): warning:  #1035-D: single-precision operand implicitly converted to double-precision
        adc_ch[ 5] = ((float)adcBuffer[ 5])*3.3/4096;
../Src/main.c(1805): warning:  #1035-D: single-precision operand implicitly converted to double-precision
        adc_ch[ 6] = ((float)adcBuffer[ 6])*3.3/4096;
../Src/main.c(1806): warning:  #1035-D: single-precision operand implicitly converted to double-precision
        adc_ch[ 7] = ((float)adcBuffer[ 7])*3.3/4096;
../Src/main.c(1807): warning:  #1035-D: single-precision operand implicitly converted to double-precision
        adc_ch[ 8] = ((float)adcBuffer[ 8])*3.3/4096;
../Src/main.c(1808): warning:  #1035-D: single-precision operand implicitly converted to double-precision
        adc_ch[ 9] = ((float)adcBuffer[ 9])*3.3/4096;
../Src/main.c(1809): warning:  #1035-D: single-precision operand implicitly converted to double-precision
        adc_ch[10] = ((float)adcBuffer[10])*3.3/4096;
../Src/main.c(1810): warning:  #1035-D: single-precision operand implicitly converted to double-precision
        adc_ch[11] = ((float)adcBuffer[11])*3.3/4096;
../Src/main.c(1811): warning:  #1035-D: single-precision operand implicitly converted to double-precision
        adc_ch[12] = ((float)adcBuffer[12])*3.3/4096;
../Src/main.c(1812): warning:  #1035-D: single-precision operand implicitly converted to double-precision
        adc_ch[13] = ((float)adcBuffer[13])*3.3/4096;
../Src/main.c(1813): warning:  #1035-D: single-precision operand implicitly converted to double-precision
        adc_ch[14] = ((float)adcBuffer[14])*3.3/4096;
../Src/main.c(1814): warning:  #1035-D: single-precision operand implicitly converted to double-precision
        adc_ch[15] = ((float)adcBuffer[15])*3.3/4096;
../Src/main.c(1919): warning:  #177-D: variable "D" was declared but never referenced
        u8 D[4];
../Src/main.c(2171): warning:  #223-D: function "RECEIVE_udp" declared implicitly
   RECEIVE_udp (0, 3001,1);
../Src/main.c(856): warning:  #177-D: function "MX_TIM4_Init" was declared but never referenced
  static void MX_TIM4_Init(void)
../Src/main.c(469): warning:  #177-D: function "MX_I2C1_Init" was declared but never referenced
  static void MX_I2C1_Init(void)
../Src/main.c(688): warning:  #177-D: function "MX_USART2_UART_Init" was declared but never referenced
  static void MX_USART2_UART_Init(void)
../Src/main.c: 24 warnings, 0 errors
linking...
Program Size: Code=31696 RO-data=680 RW-data=256 ZI-data=34608  
FromELF: creating hex file...
".\temp_Pj1\temp_Pj1.axf" - 0 Error(s), 24 Warning(s).

<h2>Software Packages used:</h2>

Package Vendor: ARM
                http://www.keil.com/pack/ARM.CMSIS.4.2.0.pack
                ARM::CMSIS:CORE:3.40.0
                CMSIS (Cortex Microcontroller Software Interface Standard)
   * Component: CORE Version: 3.40.0

<h2>Collection of Component include folders:</h2>
  C:\Work\project_Micropanorama\Micropanorama\temp_Pj1\MDK-ARM\RTE
  C:\Keil_v5\ARM\PACK\ARM\CMSIS\4.2.0\CMSIS\Include
  C:\Keil_v5\ARM\PACK\Keil\STM32F4xx_DFP\2.11.0

<h2>Collection of Component Files used:</h2>

   * Component: ARM::CMSIS:CORE:3.40.0
      Source file:   CMSIS\UserCodeTemplates\ARM\ITM_Retarget.c
</pre>
</body>
</html>
